// Jest Snapshot v1, https://goo.gl/fbAQLP

exports[`Alert should render without crash 1`] = `ShallowWrapper {}`;
