// Jest Snapshot v1, https://goo.gl/fbAQLP

exports[`Home should render without crash 1`] = `ShallowWrapper {}`;
