// Jest Snapshot v1, https://goo.gl/fbAQLP

exports[`Pythagoras should render with params 1`] = `ShallowWrapper {}`;

exports[`Pythagoras should render without crash 1`] = `ShallowWrapper {}`;

exports[`Pythagoras should render without params 1`] = `ShallowWrapper {}`;
